// Jest Snapshot v1, https://goo.gl/fbAQLP

exports[`Header has the expected HTML structure 1`] = `
<header>
  <h1>
    Shopping List
  </h1>
   
  <button
    class="button-del"
    type="Button"
  >
    
    Delete
  
  </button>
</header>
`;
